[     287ms] [INFO] %cDownload the React DevTools for a better development experience: https://react.dev/link/react-devtools font-weight:bold @ http://localhost:3300/_next/static/chunks/node_modules_next_dist_f3530cac._.js:2297
[     346ms] [LOG] [HMR] connected @ http://localhost:3300/_next/static/chunks/node_modules_next_dist_f3530cac._.js:2297
[     470ms] [ERROR] Failed to load resource: the server responded with a status of 401 (Unauthorized) @ http://localhost:3300/api/auth/me:0
[     535ms] [ERROR] Failed to load resource: the server responded with a status of 401 (Unauthorized) @ http://localhost:3300/api/auth/refresh:0
[   35441ms] [VERBOSE] [DOM] Password field is not contained in a form: (More info: https://goo.gl/9p2vKq) %o @ http://localhost:3300/settings/users:0
[   74977ms] [VERBOSE] [DOM] Password field is not contained in a form: (More info: https://goo.gl/9p2vKq) %o @ http://localhost:3300/settings/users:0
[   82741ms] [VERBOSE] [DOM] Password field is not contained in a form: (More info: https://goo.gl/9p2vKq) %o @ http://localhost:3300/settings/users:0
[   85311ms] [ERROR] Failed to load resource: the server responded with a status of 500 (Internal Server Error) @ http://localhost:3300/api/users/a1c4f41e-be85-4ca1-87b4-6fdb5e65cfb2:0
[  868617ms] [LOG] [Fast Refresh] rebuilding @ http://localhost:3300/_next/static/chunks/node_modules_next_dist_f3530cac._.js:2297
[  868671ms] [LOG] [Fast Refresh] done in 71ms @ http://localhost:3300/_next/static/chunks/node_modules_next_dist_f3530cac._.js:2297
[  874942ms] [LOG] [Fast Refresh] rebuilding @ http://localhost:3300/_next/static/chunks/node_modules_next_dist_f3530cac._.js:2297
[  875029ms] [LOG] [Fast Refresh] done in 63ms @ http://localhost:3300/_next/static/chunks/node_modules_next_dist_f3530cac._.js:2297
[  875100ms] [VERBOSE] [DOM] Password field is not contained in a form: (More info: https://goo.gl/9p2vKq) %o @ http://localhost:3300/settings/users:0
[ 1123910ms] [LOG] [Fast Refresh] rebuilding @ http://localhost:3300/_next/static/chunks/node_modules_next_dist_f3530cac._.js:2297
[ 1124074ms] [LOG] [Fast Refresh] done in 264ms @ http://localhost:3300/_next/static/chunks/node_modules_next_dist_f3530cac._.js:2297
[ 2545488ms] [LOG] [HMR] connected @ http://localhost:3300/_next/static/chunks/node_modules_next_dist_f3530cac._.js:2297
[ 3610072ms] [ERROR] Failed to load resource: the server responded with a status of 401 (Unauthorized) @ http://localhost:3300/api/notifications?limit=30:0
[ 3670077ms] [ERROR] Failed to load resource: the server responded with a status of 401 (Unauthorized) @ http://localhost:3300/api/notifications?limit=30:0
[ 3688543ms] [LOG] [Fast Refresh] rebuilding @ http://localhost:3300/_next/static/chunks/node_modules_next_dist_f3530cac._.js:2297
[ 3688568ms] [LOG] [Fast Refresh] done in 91ms @ http://localhost:3300/_next/static/chunks/node_modules_next_dist_f3530cac._.js:2297
[ 3700493ms] [LOG] [Fast Refresh] rebuilding @ http://localhost:3300/_next/static/chunks/node_modules_next_dist_f3530cac._.js:2297
[ 3700650ms] [LOG] [Fast Refresh] done in 234ms @ http://localhost:3300/_next/static/chunks/node_modules_next_dist_f3530cac._.js:2297
[ 3714071ms] [LOG] [Fast Refresh] rebuilding @ http://localhost:3300/_next/static/chunks/node_modules_next_dist_f3530cac._.js:2297
[ 3714073ms] [LOG] [Fast Refresh] done in 103ms @ http://localhost:3300/_next/static/chunks/node_modules_next_dist_f3530cac._.js:2297
[ 3722334ms] [LOG] [Fast Refresh] rebuilding @ http://localhost:3300/_next/static/chunks/node_modules_next_dist_f3530cac._.js:2297
[ 3722358ms] [LOG] [Fast Refresh] done in 66ms @ http://localhost:3300/_next/static/chunks/node_modules_next_dist_f3530cac._.js:2297
[ 3730077ms] [ERROR] Failed to load resource: the server responded with a status of 401 (Unauthorized) @ http://localhost:3300/api/notifications?limit=30:0
[ 3735519ms] [LOG] [Fast Refresh] rebuilding @ http://localhost:3300/_next/static/chunks/node_modules_next_dist_f3530cac._.js:2297
[ 3735544ms] [LOG] [Fast Refresh] done in 70ms @ http://localhost:3300/_next/static/chunks/node_modules_next_dist_f3530cac._.js:2297
[ 3780422ms] [LOG] [Fast Refresh] rebuilding @ http://localhost:3300/_next/static/chunks/node_modules_next_dist_f3530cac._.js:2297
[ 3780483ms] [LOG] [Fast Refresh] done in 69ms @ http://localhost:3300/_next/static/chunks/node_modules_next_dist_f3530cac._.js:2297
[ 3780514ms] [ERROR] Failed to load resource: the server responded with a status of 401 (Unauthorized) @ http://localhost:3300/api/users:0
[ 3789553ms] [LOG] [Fast Refresh] rebuilding @ http://localhost:3300/_next/static/chunks/node_modules_next_dist_f3530cac._.js:2297
[ 3789600ms] [LOG] [Fast Refresh] done in 68ms @ http://localhost:3300/_next/static/chunks/node_modules_next_dist_f3530cac._.js:2297
[ 3789618ms] [ERROR] Failed to load resource: the server responded with a status of 401 (Unauthorized) @ http://localhost:3300/api/users:0
[ 3790068ms] [ERROR] Failed to load resource: the server responded with a status of 401 (Unauthorized) @ http://localhost:3300/api/notifications?limit=30:0
[ 3796474ms] [LOG] [Fast Refresh] rebuilding @ http://localhost:3300/_next/static/chunks/node_modules_next_dist_f3530cac._.js:2297
[ 3796521ms] [LOG] [Fast Refresh] done in 67ms @ http://localhost:3300/_next/static/chunks/node_modules_next_dist_f3530cac._.js:2297
[ 3796536ms] [ERROR] Failed to load resource: the server responded with a status of 401 (Unauthorized) @ http://localhost:3300/api/users:0
[ 3801548ms] [LOG] [Fast Refresh] rebuilding @ http://localhost:3300/_next/static/chunks/node_modules_next_dist_f3530cac._.js:2297
[ 3801585ms] [LOG] [Fast Refresh] done in 137ms @ http://localhost:3300/_next/static/chunks/node_modules_next_dist_f3530cac._.js:2297
[ 3850069ms] [ERROR] Failed to load resource: the server responded with a status of 401 (Unauthorized) @ http://localhost:3300/api/notifications?limit=30:0
[ 3876802ms] [LOG] [Fast Refresh] rebuilding @ http://localhost:3300/_next/static/chunks/node_modules_next_dist_f3530cac._.js:2297
[ 3876823ms] [LOG] [Fast Refresh] done in 96ms @ http://localhost:3300/_next/static/chunks/node_modules_next_dist_f3530cac._.js:2297
[ 3896445ms] [LOG] [Fast Refresh] rebuilding @ http://localhost:3300/_next/static/chunks/node_modules_next_dist_f3530cac._.js:2297
[ 3896543ms] [LOG] [Fast Refresh] done in 174ms @ http://localhost:3300/_next/static/chunks/node_modules_next_dist_f3530cac._.js:2297
[ 3910069ms] [ERROR] Failed to load resource: the server responded with a status of 401 (Unauthorized) @ http://localhost:3300/api/notifications?limit=30:0
[ 3915748ms] [LOG] [Fast Refresh] rebuilding @ http://localhost:3300/_next/static/chunks/node_modules_next_dist_f3530cac._.js:2297
[ 3915942ms] [LOG] [Fast Refresh] done in 235ms @ http://localhost:3300/_next/static/chunks/node_modules_next_dist_f3530cac._.js:2297
[ 3942920ms] [LOG] [Fast Refresh] rebuilding @ http://localhost:3300/_next/static/chunks/node_modules_next_dist_f3530cac._.js:2297
[ 3942944ms] [LOG] [Fast Refresh] done in 92ms @ http://localhost:3300/_next/static/chunks/node_modules_next_dist_f3530cac._.js:2297
[ 3954813ms] [LOG] [Fast Refresh] rebuilding @ http://localhost:3300/_next/static/chunks/node_modules_next_dist_f3530cac._.js:2297
[ 3954838ms] [LOG] [Fast Refresh] done in 71ms @ http://localhost:3300/_next/static/chunks/node_modules_next_dist_f3530cac._.js:2297
[ 3970061ms] [ERROR] Failed to load resource: the server responded with a status of 401 (Unauthorized) @ http://localhost:3300/api/notifications?limit=30:0
[ 4030059ms] [ERROR] Failed to load resource: the server responded with a status of 401 (Unauthorized) @ http://localhost:3300/api/notifications?limit=30:0
[ 4090051ms] [ERROR] Failed to load resource: the server responded with a status of 401 (Unauthorized) @ http://localhost:3300/api/notifications?limit=30:0
[ 4150059ms] [ERROR] Failed to load resource: the server responded with a status of 401 (Unauthorized) @ http://localhost:3300/api/notifications?limit=30:0
[ 4284288ms] [LOG] [Fast Refresh] rebuilding @ http://localhost:3300/_next/static/chunks/node_modules_next_dist_f3530cac._.js:2297
[ 4284365ms] [LOG] [Fast Refresh] done in 103ms @ http://localhost:3300/_next/static/chunks/node_modules_next_dist_f3530cac._.js:2297
[ 4293605ms] [LOG] [Fast Refresh] rebuilding @ http://localhost:3300/_next/static/chunks/node_modules_next_dist_f3530cac._.js:2297
[ 4293654ms] [LOG] [Fast Refresh] done in 70ms @ http://localhost:3300/_next/static/chunks/node_modules_next_dist_f3530cac._.js:2297
[ 4306703ms] [LOG] [Fast Refresh] rebuilding @ http://localhost:3300/_next/static/chunks/node_modules_next_dist_f3530cac._.js:2297
[ 4306736ms] [LOG] [Fast Refresh] done in 134ms @ http://localhost:3300/_next/static/chunks/node_modules_next_dist_f3530cac._.js:2297
[ 4315304ms] [LOG] [Fast Refresh] rebuilding @ http://localhost:3300/_next/static/chunks/node_modules_next_dist_f3530cac._.js:2297
[ 4315384ms] [LOG] [Fast Refresh] done in 122ms @ http://localhost:3300/_next/static/chunks/node_modules_next_dist_f3530cac._.js:2297
[ 4320650ms] [LOG] [Fast Refresh] rebuilding @ http://localhost:3300/_next/static/chunks/node_modules_next_dist_f3530cac._.js:2297
[ 4320658ms] [LOG] [Fast Refresh] done in 109ms @ http://localhost:3300/_next/static/chunks/node_modules_next_dist_f3530cac._.js:2297
[ 4410368ms] [ERROR] WebSocket connection to 'ws://localhost:3300/_next/webpack-hmr?id=B5WM2zk6oU1MzXWGgYwMv' failed: Error in connection establishment: net::ERR_CONNECTION_REFUSED @ http://localhost:3300/_next/static/chunks/node_modules_next_dist_client_17643121._.js:10878
[ 4411370ms] [ERROR] WebSocket connection to 'ws://localhost:3300/_next/webpack-hmr?id=B5WM2zk6oU1MzXWGgYwMv' failed: Error in connection establishment: net::ERR_CONNECTION_REFUSED @ http://localhost:3300/_next/static/chunks/node_modules_next_dist_client_17643121._.js:10878
[ 4412374ms] [ERROR] WebSocket connection to 'ws://localhost:3300/_next/webpack-hmr?id=B5WM2zk6oU1MzXWGgYwMv' failed: Error in connection establishment: net::ERR_CONNECTION_REFUSED @ http://localhost:3300/_next/static/chunks/node_modules_next_dist_client_17643121._.js:10878
[ 4413377ms] [ERROR] WebSocket connection to 'ws://localhost:3300/_next/webpack-hmr?id=B5WM2zk6oU1MzXWGgYwMv' failed: Error in connection establishment: net::ERR_CONNECTION_REFUSED @ http://localhost:3300/_next/static/chunks/node_modules_next_dist_client_17643121._.js:10878
[ 4414380ms] [LOG] [HMR] connected @ http://localhost:3300/_next/static/chunks/node_modules_next_dist_f3530cac._.js:2297
[ 4414957ms] [INFO] %cDownload the React DevTools for a better development experience: https://react.dev/link/react-devtools font-weight:bold @ http://localhost:3300/_next/static/chunks/node_modules_next_dist_f3530cac._.js:2297
[ 4414985ms] [LOG] [HMR] connected @ http://localhost:3300/_next/static/chunks/node_modules_next_dist_f3530cac._.js:2297
[ 4498876ms] [LOG] [Fast Refresh] rebuilding @ http://localhost:3300/_next/static/chunks/node_modules_next_dist_f3530cac._.js:2297
[ 4498914ms] [LOG] [Fast Refresh] done in 139ms @ http://localhost:3300/_next/static/chunks/node_modules_next_dist_f3530cac._.js:2297
[ 4558841ms] [LOG] [Fast Refresh] rebuilding @ http://localhost:3300/_next/static/chunks/node_modules_next_dist_f3530cac._.js:2297
[ 4559282ms] [LOG] [Fast Refresh] done in 513ms @ http://localhost:3300/_next/static/chunks/node_modules_next_dist_f3530cac._.js:2297
[ 4587700ms] [LOG] [Fast Refresh] rebuilding @ http://localhost:3300/_next/static/chunks/node_modules_next_dist_f3530cac._.js:2297
[ 4587731ms] [LOG] [Fast Refresh] done in 81ms @ http://localhost:3300/_next/static/chunks/node_modules_next_dist_f3530cac._.js:2297
[ 4596812ms] [LOG] [Fast Refresh] rebuilding @ http://localhost:3300/_next/static/chunks/node_modules_next_dist_f3530cac._.js:2297
[ 4596815ms] [LOG] [Fast Refresh] done in 105ms @ http://localhost:3300/_next/static/chunks/node_modules_next_dist_f3530cac._.js:2297
[ 4607699ms] [LOG] [Fast Refresh] rebuilding @ http://localhost:3300/_next/static/chunks/node_modules_next_dist_f3530cac._.js:2297
[ 4607855ms] [LOG] [Fast Refresh] done in 229ms @ http://localhost:3300/_next/static/chunks/node_modules_next_dist_f3530cac._.js:2297
[ 4610739ms] [LOG] [Fast Refresh] rebuilding @ http://localhost:3300/_next/static/chunks/node_modules_next_dist_f3530cac._.js:2297
[ 4610739ms] [LOG] [Fast Refresh] done in 102ms @ http://localhost:3300/_next/static/chunks/node_modules_next_dist_f3530cac._.js:2297
[ 4616203ms] [LOG] [Fast Refresh] rebuilding @ http://localhost:3300/_next/static/chunks/node_modules_next_dist_f3530cac._.js:2297
[ 4616253ms] [LOG] [Fast Refresh] done in 65ms @ http://localhost:3300/_next/static/chunks/node_modules_next_dist_f3530cac._.js:2297
[ 4616624ms] [LOG] [Fast Refresh] rebuilding @ http://localhost:3300/_next/static/chunks/node_modules_next_dist_f3530cac._.js:2297
[ 4616790ms] [LOG] [Fast Refresh] done in 266ms @ http://localhost:3300/_next/static/chunks/node_modules_next_dist_f3530cac._.js:2297
[ 4620557ms] [LOG] [Fast Refresh] rebuilding @ http://localhost:3300/_next/static/chunks/node_modules_next_dist_f3530cac._.js:2297
[ 4620722ms] [LOG] [Fast Refresh] done in 220ms @ http://localhost:3300/_next/static/chunks/node_modules_next_dist_f3530cac._.js:2297
[ 4620873ms] [LOG] [Fast Refresh] rebuilding @ http://localhost:3300/_next/static/chunks/node_modules_next_dist_f3530cac._.js:2297
[ 4620892ms] [LOG] [Fast Refresh] done in 120ms @ http://localhost:3300/_next/static/chunks/node_modules_next_dist_f3530cac._.js:2297
[ 4620997ms] [LOG] [Fast Refresh] rebuilding @ http://localhost:3300/_next/static/chunks/node_modules_next_dist_f3530cac._.js:2297
[ 4621047ms] [LOG] [Fast Refresh] done in 93ms @ http://localhost:3300/_next/static/chunks/node_modules_next_dist_f3530cac._.js:2297
[ 4621650ms] [LOG] [Fast Refresh] rebuilding @ http://localhost:3300/_next/static/chunks/node_modules_next_dist_f3530cac._.js:2297
[ 4621664ms] [LOG] [Fast Refresh] done in 115ms @ http://localhost:3300/_next/static/chunks/node_modules_next_dist_f3530cac._.js:2297
[ 4623782ms] [LOG] [Fast Refresh] rebuilding @ http://localhost:3300/_next/static/chunks/node_modules_next_dist_f3530cac._.js:2297
[ 4623815ms] [LOG] [Fast Refresh] done in 134ms @ http://localhost:3300/_next/static/chunks/node_modules_next_dist_f3530cac._.js:2297
[ 4623935ms] [LOG] [Fast Refresh] rebuilding @ http://localhost:3300/_next/static/chunks/node_modules_next_dist_f3530cac._.js:2297
[ 4623966ms] [LOG] [Fast Refresh] done in 131ms @ http://localhost:3300/_next/static/chunks/node_modules_next_dist_f3530cac._.js:2297
[ 4624342ms] [LOG] [Fast Refresh] rebuilding @ http://localhost:3300/_next/static/chunks/node_modules_next_dist_f3530cac._.js:2297
[ 4624351ms] [LOG] [Fast Refresh] done in 111ms @ http://localhost:3300/_next/static/chunks/node_modules_next_dist_f3530cac._.js:2297
[ 4624677ms] [LOG] [Fast Refresh] rebuilding @ http://localhost:3300/_next/static/chunks/node_modules_next_dist_f3530cac._.js:2297
[ 4624687ms] [LOG] [Fast Refresh] done in 111ms @ http://localhost:3300/_next/static/chunks/node_modules_next_dist_f3530cac._.js:2297
[ 4624879ms] [LOG] [Fast Refresh] rebuilding @ http://localhost:3300/_next/static/chunks/node_modules_next_dist_f3530cac._.js:2297
[ 4624917ms] [LOG] [Fast Refresh] done in 140ms @ http://localhost:3300/_next/static/chunks/node_modules_next_dist_f3530cac._.js:2297
[ 4632642ms] [LOG] [Fast Refresh] rebuilding @ http://localhost:3300/_next/static/chunks/node_modules_next_dist_f3530cac._.js:2297
[ 4632667ms] [LOG] [Fast Refresh] done in 126ms @ http://localhost:3300/_next/static/chunks/node_modules_next_dist_f3530cac._.js:2297
[ 4632832ms] [LOG] [Fast Refresh] rebuilding @ http://localhost:3300/_next/static/chunks/node_modules_next_dist_f3530cac._.js:2297
[ 4632918ms] [LOG] [Fast Refresh] done in 186ms @ http://localhost:3300/_next/static/chunks/node_modules_next_dist_f3530cac._.js:2297
[ 4633036ms] [LOG] [Fast Refresh] rebuilding @ http://localhost:3300/_next/static/chunks/node_modules_next_dist_f3530cac._.js:2297
[ 4633041ms] [LOG] [Fast Refresh] done in 106ms @ http://localhost:3300/_next/static/chunks/node_modules_next_dist_f3530cac._.js:2297
[ 4633398ms] [LOG] [Fast Refresh] rebuilding @ http://localhost:3300/_next/static/chunks/node_modules_next_dist_f3530cac._.js:2297
[ 4633399ms] [LOG] [Fast Refresh] done in 104ms @ http://localhost:3300/_next/static/chunks/node_modules_next_dist_f3530cac._.js:2297
[ 4636813ms] [LOG] [Fast Refresh] rebuilding @ http://localhost:3300/_next/static/chunks/node_modules_next_dist_f3530cac._.js:2297
[ 4636907ms] [LOG] [Fast Refresh] done in 195ms @ http://localhost:3300/_next/static/chunks/node_modules_next_dist_f3530cac._.js:2297
[ 4637126ms] [LOG] [Fast Refresh] rebuilding @ http://localhost:3300/_next/static/chunks/node_modules_next_dist_f3530cac._.js:2297
[ 4637152ms] [LOG] [Fast Refresh] done in 127ms @ http://localhost:3300/_next/static/chunks/node_modules_next_dist_f3530cac._.js:2297
[ 4638707ms] [LOG] [Fast Refresh] rebuilding @ http://localhost:3300/_next/static/chunks/node_modules_next_dist_f3530cac._.js:2297
[ 4638716ms] [LOG] [Fast Refresh] done in 111ms @ http://localhost:3300/_next/static/chunks/node_modules_next_dist_f3530cac._.js:2297
[ 4639635ms] [LOG] [Fast Refresh] rebuilding @ http://localhost:3300/_next/static/chunks/node_modules_next_dist_f3530cac._.js:2297
[ 4639635ms] [LOG] [Fast Refresh] done in 102ms @ http://localhost:3300/_next/static/chunks/node_modules_next_dist_f3530cac._.js:2297
[ 4640245ms] [LOG] [Fast Refresh] rebuilding @ http://localhost:3300/_next/static/chunks/node_modules_next_dist_f3530cac._.js:2297
[ 4640252ms] [LOG] [Fast Refresh] done in 107ms @ http://localhost:3300/_next/static/chunks/node_modules_next_dist_f3530cac._.js:2297
[ 4640552ms] [LOG] [Fast Refresh] rebuilding @ http://localhost:3300/_next/static/chunks/node_modules_next_dist_f3530cac._.js:2297
[ 4640554ms] [LOG] [Fast Refresh] done in 103ms @ http://localhost:3300/_next/static/chunks/node_modules_next_dist_f3530cac._.js:2297
[ 4641200ms] [LOG] [Fast Refresh] rebuilding @ http://localhost:3300/_next/static/chunks/node_modules_next_dist_f3530cac._.js:2297
[ 4641286ms] [LOG] [Fast Refresh] done in 188ms @ http://localhost:3300/_next/static/chunks/node_modules_next_dist_f3530cac._.js:2297
[ 4642939ms] [LOG] [Fast Refresh] rebuilding @ http://localhost:3300/_next/static/chunks/node_modules_next_dist_f3530cac._.js:2297
[ 4642979ms] [LOG] [Fast Refresh] done in 142ms @ http://localhost:3300/_next/static/chunks/node_modules_next_dist_f3530cac._.js:2297
[ 4644007ms] [LOG] [Fast Refresh] rebuilding @ http://localhost:3300/_next/static/chunks/node_modules_next_dist_f3530cac._.js:2297
[ 4644008ms] [LOG] [Fast Refresh] done in 103ms @ http://localhost:3300/_next/static/chunks/node_modules_next_dist_f3530cac._.js:2297
[ 4647060ms] [LOG] [Fast Refresh] rebuilding @ http://localhost:3300/_next/static/chunks/node_modules_next_dist_f3530cac._.js:2297
[ 4647065ms] [LOG] [Fast Refresh] done in 107ms @ http://localhost:3300/_next/static/chunks/node_modules_next_dist_f3530cac._.js:2297
[ 4648219ms] [LOG] [Fast Refresh] rebuilding @ http://localhost:3300/_next/static/chunks/node_modules_next_dist_f3530cac._.js:2297
[ 4648220ms] [LOG] [Fast Refresh] done in 102ms @ http://localhost:3300/_next/static/chunks/node_modules_next_dist_f3530cac._.js:2297
[ 4649759ms] [LOG] [Fast Refresh] rebuilding @ http://localhost:3300/_next/static/chunks/node_modules_next_dist_f3530cac._.js:2297
[ 4649773ms] [LOG] [Fast Refresh] done in 115ms @ http://localhost:3300/_next/static/chunks/node_modules_next_dist_f3530cac._.js:2297
[ 4650674ms] [LOG] [Fast Refresh] rebuilding @ http://localhost:3300/_next/static/chunks/node_modules_next_dist_f3530cac._.js:2297
[ 4650693ms] [LOG] [Fast Refresh] done in 120ms @ http://localhost:3300/_next/static/chunks/node_modules_next_dist_f3530cac._.js:2297
[ 4651016ms] [LOG] [Fast Refresh] rebuilding @ http://localhost:3300/_next/static/chunks/node_modules_next_dist_f3530cac._.js:2297
[ 4651032ms] [LOG] [Fast Refresh] done in 116ms @ http://localhost:3300/_next/static/chunks/node_modules_next_dist_f3530cac._.js:2297
[ 4651924ms] [LOG] [Fast Refresh] rebuilding @ http://localhost:3300/_next/static/chunks/node_modules_next_dist_f3530cac._.js:2297
[ 4651991ms] [LOG] [Fast Refresh] done in 168ms @ http://localhost:3300/_next/static/chunks/node_modules_next_dist_f3530cac._.js:2297
[ 4653267ms] [LOG] [Fast Refresh] rebuilding @ http://localhost:3300/_next/static/chunks/node_modules_next_dist_f3530cac._.js:2297
[ 4653362ms] [LOG] [Fast Refresh] done in 195ms @ http://localhost:3300/_next/static/chunks/node_modules_next_dist_f3530cac._.js:2297
[ 4653771ms] [LOG] [Fast Refresh] rebuilding @ http://localhost:3300/_next/static/chunks/node_modules_next_dist_f3530cac._.js:2297
[ 4653791ms] [LOG] [Fast Refresh] done in 122ms @ http://localhost:3300/_next/static/chunks/node_modules_next_dist_f3530cac._.js:2297
[ 4654039ms] [LOG] [Fast Refresh] rebuilding @ http://localhost:3300/_next/static/chunks/node_modules_next_dist_f3530cac._.js:2297
[ 4654057ms] [LOG] [Fast Refresh] done in 118ms @ http://localhost:3300/_next/static/chunks/node_modules_next_dist_f3530cac._.js:2297
[ 4654424ms] [LOG] [Fast Refresh] rebuilding @ http://localhost:3300/_next/static/chunks/node_modules_next_dist_f3530cac._.js:2297
[ 4654449ms] [LOG] [Fast Refresh] done in 127ms @ http://localhost:3300/_next/static/chunks/node_modules_next_dist_f3530cac._.js:2297
[ 4657297ms] [LOG] [Fast Refresh] rebuilding @ http://localhost:3300/_next/static/chunks/node_modules_next_dist_f3530cac._.js:2297
[ 4657297ms] [LOG] [Fast Refresh] done in 103ms @ http://localhost:3300/_next/static/chunks/node_modules_next_dist_f3530cac._.js:2297
[ 4657585ms] [LOG] [Fast Refresh] rebuilding @ http://localhost:3300/_next/static/chunks/node_modules_next_dist_f3530cac._.js:2297
[ 4657587ms] [LOG] [Fast Refresh] done in 102ms @ http://localhost:3300/_next/static/chunks/node_modules_next_dist_f3530cac._.js:2297
[ 4657795ms] [LOG] [Fast Refresh] rebuilding @ http://localhost:3300/_next/static/chunks/node_modules_next_dist_f3530cac._.js:2297
[ 4657798ms] [LOG] [Fast Refresh] done in 105ms @ http://localhost:3300/_next/static/chunks/node_modules_next_dist_f3530cac._.js:2297
[ 4658196ms] [LOG] [Fast Refresh] rebuilding @ http://localhost:3300/_next/static/chunks/node_modules_next_dist_f3530cac._.js:2297
[ 4658256ms] [LOG] [Fast Refresh] done in 162ms @ http://localhost:3300/_next/static/chunks/node_modules_next_dist_f3530cac._.js:2297
[ 4658438ms] [LOG] [Fast Refresh] rebuilding @ http://localhost:3300/_next/static/chunks/node_modules_next_dist_f3530cac._.js:2297
[ 4658439ms] [LOG] [Fast Refresh] done in 101ms @ http://localhost:3300/_next/static/chunks/node_modules_next_dist_f3530cac._.js:2297
[ 4664372ms] [LOG] [Fast Refresh] rebuilding @ http://localhost:3300/_next/static/chunks/node_modules_next_dist_f3530cac._.js:2297
[ 4664383ms] [LOG] [Fast Refresh] done in 112ms @ http://localhost:3300/_next/static/chunks/node_modules_next_dist_f3530cac._.js:2297
[ 4665989ms] [LOG] [Fast Refresh] rebuilding @ http://localhost:3300/_next/static/chunks/node_modules_next_dist_f3530cac._.js:2297
[ 4666008ms] [LOG] [Fast Refresh] done in 120ms @ http://localhost:3300/_next/static/chunks/node_modules_next_dist_f3530cac._.js:2297
[ 4669311ms] [LOG] [Fast Refresh] rebuilding @ http://localhost:3300/_next/static/chunks/node_modules_next_dist_f3530cac._.js:2297
[ 4669314ms] [LOG] [Fast Refresh] done in 106ms @ http://localhost:3300/_next/static/chunks/node_modules_next_dist_f3530cac._.js:2297
[ 4669817ms] [LOG] [Fast Refresh] rebuilding @ http://localhost:3300/_next/static/chunks/node_modules_next_dist_f3530cac._.js:2297
[ 4669818ms] [LOG] [Fast Refresh] done in 101ms @ http://localhost:3300/_next/static/chunks/node_modules_next_dist_f3530cac._.js:2297
[ 4675639ms] [LOG] [Fast Refresh] rebuilding @ http://localhost:3300/_next/static/chunks/node_modules_next_dist_f3530cac._.js:2297
[ 4675684ms] [LOG] [Fast Refresh] done in 147ms @ http://localhost:3300/_next/static/chunks/node_modules_next_dist_f3530cac._.js:2297
[ 4676645ms] [LOG] [Fast Refresh] rebuilding @ http://localhost:3300/_next/static/chunks/node_modules_next_dist_f3530cac._.js:2297
[ 4676675ms] [LOG] [Fast Refresh] done in 130ms @ http://localhost:3300/_next/static/chunks/node_modules_next_dist_f3530cac._.js:2297
[ 4683137ms] [LOG] [Fast Refresh] rebuilding @ http://localhost:3300/_next/static/chunks/node_modules_next_dist_f3530cac._.js:2297
[ 4683147ms] [LOG] [Fast Refresh] done in 110ms @ http://localhost:3300/_next/static/chunks/node_modules_next_dist_f3530cac._.js:2297
[ 4683528ms] [LOG] [Fast Refresh] rebuilding @ http://localhost:3300/_next/static/chunks/node_modules_next_dist_f3530cac._.js:2297
[ 4683535ms] [LOG] [Fast Refresh] done in 108ms @ http://localhost:3300/_next/static/chunks/node_modules_next_dist_f3530cac._.js:2297
[ 4689244ms] [LOG] [Fast Refresh] rebuilding @ http://localhost:3300/_next/static/chunks/node_modules_next_dist_f3530cac._.js:2297
[ 4689250ms] [LOG] [Fast Refresh] done in 107ms @ http://localhost:3300/_next/static/chunks/node_modules_next_dist_f3530cac._.js:2297
[ 4690051ms] [LOG] [Fast Refresh] rebuilding @ http://localhost:3300/_next/static/chunks/node_modules_next_dist_f3530cac._.js:2297
[ 4690060ms] [LOG] [Fast Refresh] done in 109ms @ http://localhost:3300/_next/static/chunks/node_modules_next_dist_f3530cac._.js:2297
[ 4773892ms] [LOG] [Fast Refresh] rebuilding @ http://localhost:3300/_next/static/chunks/node_modules_next_dist_f3530cac._.js:2297
[ 4773897ms] [LOG] [Fast Refresh] done in 106ms @ http://localhost:3300/_next/static/chunks/node_modules_next_dist_f3530cac._.js:2297
[ 4791006ms] [LOG] [Fast Refresh] rebuilding @ http://localhost:3300/_next/static/chunks/node_modules_next_dist_f3530cac._.js:2297
[ 4791050ms] [LOG] [Fast Refresh] done in 145ms @ http://localhost:3300/_next/static/chunks/node_modules_next_dist_f3530cac._.js:2297
[ 4876544ms] [LOG] [Fast Refresh] rebuilding @ http://localhost:3300/_next/static/chunks/node_modules_next_dist_f3530cac._.js:2297
[ 4876863ms] [LOG] [Fast Refresh] done in 57ms @ http://localhost:3300/_next/static/chunks/node_modules_next_dist_f3530cac._.js:2297
[ 4876914ms] [LOG] [Fast Refresh] rebuilding @ http://localhost:3300/_next/static/chunks/node_modules_next_dist_f3530cac._.js:2297
[ 4877102ms] [LOG] [Fast Refresh] done in 238ms @ http://localhost:3300/_next/static/chunks/node_modules_next_dist_f3530cac._.js:2297
[ 4877504ms] [LOG] [Fast Refresh] rebuilding @ http://localhost:3300/_next/static/chunks/node_modules_next_dist_f3530cac._.js:2297
[ 4877559ms] [LOG] [Fast Refresh] done in 155ms @ http://localhost:3300/_next/static/chunks/node_modules_next_dist_f3530cac._.js:2297
[ 4878863ms] [LOG] [Fast Refresh] rebuilding @ http://localhost:3300/_next/static/chunks/node_modules_next_dist_f3530cac._.js:2297
[ 4878876ms] [LOG] [Fast Refresh] done in 113ms @ http://localhost:3300/_next/static/chunks/node_modules_next_dist_f3530cac._.js:2297
[ 4878978ms] [LOG] [Fast Refresh] rebuilding @ http://localhost:3300/_next/static/chunks/node_modules_next_dist_f3530cac._.js:2297
[ 4879022ms] [LOG] [Fast Refresh] done in 145ms @ http://localhost:3300/_next/static/chunks/node_modules_next_dist_f3530cac._.js:2297
[ 4879126ms] [LOG] [Fast Refresh] rebuilding @ http://localhost:3300/_next/static/chunks/node_modules_next_dist_f3530cac._.js:2297
[ 4879336ms] [LOG] [Fast Refresh] done in 310ms @ http://localhost:3300/_next/static/chunks/node_modules_next_dist_f3530cac._.js:2297
[ 4879441ms] [LOG] [Fast Refresh] rebuilding @ http://localhost:3300/_next/static/chunks/node_modules_next_dist_f3530cac._.js:2297
[ 4879575ms] [LOG] [Fast Refresh] done in 234ms @ http://localhost:3300/_next/static/chunks/node_modules_next_dist_f3530cac._.js:2297
[ 4879695ms] [LOG] [Fast Refresh] rebuilding @ http://localhost:3300/_next/static/chunks/node_modules_next_dist_f3530cac._.js:2297
[ 4879702ms] [LOG] [Fast Refresh] done in 108ms @ http://localhost:3300/_next/static/chunks/node_modules_next_dist_f3530cac._.js:2297
[ 4880001ms] [LOG] [Fast Refresh] rebuilding @ http://localhost:3300/_next/static/chunks/node_modules_next_dist_f3530cac._.js:2297
[ 4880087ms] [LOG] [Fast Refresh] done in 187ms @ http://localhost:3300/_next/static/chunks/node_modules_next_dist_f3530cac._.js:2297
[ 4880369ms] [LOG] [Fast Refresh] rebuilding @ http://localhost:3300/_next/static/chunks/node_modules_next_dist_f3530cac._.js:2297
[ 4880452ms] [LOG] [Fast Refresh] done in 183ms @ http://localhost:3300/_next/static/chunks/node_modules_next_dist_f3530cac._.js:2297
[ 4880558ms] [LOG] [Fast Refresh] rebuilding @ http://localhost:3300/_next/static/chunks/node_modules_next_dist_f3530cac._.js:2297
[ 4880686ms] [LOG] [Fast Refresh] done in 230ms @ http://localhost:3300/_next/static/chunks/node_modules_next_dist_f3530cac._.js:2297
[ 4880789ms] [LOG] [Fast Refresh] rebuilding @ http://localhost:3300/_next/static/chunks/node_modules_next_dist_f3530cac._.js:2297
[ 4880808ms] [LOG] [Fast Refresh] done in 120ms @ http://localhost:3300/_next/static/chunks/node_modules_next_dist_f3530cac._.js:2297
[ 4880913ms] [LOG] [Fast Refresh] rebuilding @ http://localhost:3300/_next/static/chunks/node_modules_next_dist_f3530cac._.js:2297
[ 4880976ms] [LOG] [Fast Refresh] done in 164ms @ http://localhost:3300/_next/static/chunks/node_modules_next_dist_f3530cac._.js:2297
[ 4881141ms] [LOG] [Fast Refresh] rebuilding @ http://localhost:3300/_next/static/chunks/node_modules_next_dist_f3530cac._.js:2297
[ 4881152ms] [LOG] [Fast Refresh] done in 113ms @ http://localhost:3300/_next/static/chunks/node_modules_next_dist_f3530cac._.js:2297
[ 4881258ms] [LOG] [Fast Refresh] rebuilding @ http://localhost:3300/_next/static/chunks/node_modules_next_dist_f3530cac._.js:2297
[ 4881271ms] [LOG] [Fast Refresh] done in 114ms @ http://localhost:3300/_next/static/chunks/node_modules_next_dist_f3530cac._.js:2297
[ 4881441ms] [LOG] [Fast Refresh] rebuilding @ http://localhost:3300/_next/static/chunks/node_modules_next_dist_f3530cac._.js:2297
[ 4881446ms] [LOG] [Fast Refresh] done in 106ms @ http://localhost:3300/_next/static/chunks/node_modules_next_dist_f3530cac._.js:2297
[ 4881708ms] [LOG] [Fast Refresh] rebuilding @ http://localhost:3300/_next/static/chunks/node_modules_next_dist_f3530cac._.js:2297
[ 4881744ms] [LOG] [Fast Refresh] done in 136ms @ http://localhost:3300/_next/static/chunks/node_modules_next_dist_f3530cac._.js:2297
[ 4882069ms] [LOG] [Fast Refresh] rebuilding @ http://localhost:3300/_next/static/chunks/node_modules_next_dist_f3530cac._.js:2297
[ 4882206ms] [LOG] [Fast Refresh] done in 238ms @ http://localhost:3300/_next/static/chunks/node_modules_next_dist_f3530cac._.js:2297
[ 4882350ms] [LOG] [Fast Refresh] rebuilding @ http://localhost:3300/_next/static/chunks/node_modules_next_dist_f3530cac._.js:2297
[ 4882414ms] [LOG] [Fast Refresh] done in 165ms @ http://localhost:3300/_next/static/chunks/node_modules_next_dist_f3530cac._.js:2297
[ 4882811ms] [LOG] [Fast Refresh] rebuilding @ http://localhost:3300/_next/static/chunks/node_modules_next_dist_f3530cac._.js:2297
[ 4882919ms] [LOG] [Fast Refresh] done in 210ms @ http://localhost:3300/_next/static/chunks/node_modules_next_dist_f3530cac._.js:2297
[ 4883178ms] [LOG] [Fast Refresh] rebuilding @ http://localhost:3300/_next/static/chunks/node_modules_next_dist_f3530cac._.js:2297
[ 4883412ms] [LOG] [Fast Refresh] done in 334ms @ http://localhost:3300/_next/static/chunks/node_modules_next_dist_f3530cac._.js:2297
[ 4883531ms] [LOG] [Fast Refresh] rebuilding @ http://localhost:3300/_next/static/chunks/node_modules_next_dist_f3530cac._.js:2297
[ 4883606ms] [LOG] [Fast Refresh] done in 175ms @ http://localhost:3300/_next/static/chunks/node_modules_next_dist_f3530cac._.js:2297
[ 4883811ms] [LOG] [Fast Refresh] rebuilding @ http://localhost:3300/_next/static/chunks/node_modules_next_dist_f3530cac._.js:2297
[ 4883833ms] [LOG] [Fast Refresh] done in 123ms @ http://localhost:3300/_next/static/chunks/node_modules_next_dist_f3530cac._.js:2297
[ 4883935ms] [LOG] [Fast Refresh] rebuilding @ http://localhost:3300/_next/static/chunks/node_modules_next_dist_f3530cac._.js:2297
[ 4883979ms] [LOG] [Fast Refresh] done in 145ms @ http://localhost:3300/_next/static/chunks/node_modules_next_dist_f3530cac._.js:2297
[ 4884229ms] [LOG] [Fast Refresh] rebuilding @ http://localhost:3300/_next/static/chunks/node_modules_next_dist_f3530cac._.js:2297
[ 4884244ms] [LOG] [Fast Refresh] done in 115ms @ http://localhost:3300/_next/static/chunks/node_modules_next_dist_f3530cac._.js:2297
[ 4884346ms] [LOG] [Fast Refresh] rebuilding @ http://localhost:3300/_next/static/chunks/node_modules_next_dist_f3530cac._.js:2297
[ 4884349ms] [LOG] [Fast Refresh] done in 104ms @ http://localhost:3300/_next/static/chunks/node_modules_next_dist_f3530cac._.js:2297
[ 4884522ms] [LOG] [Fast Refresh] rebuilding @ http://localhost:3300/_next/static/chunks/node_modules_next_dist_f3530cac._.js:2297
[ 4884553ms] [LOG] [Fast Refresh] done in 132ms @ http://localhost:3300/_next/static/chunks/node_modules_next_dist_f3530cac._.js:2297
[ 4884680ms] [LOG] [Fast Refresh] rebuilding @ http://localhost:3300/_next/static/chunks/node_modules_next_dist_f3530cac._.js:2297
[ 4885498ms] [LOG] [Fast Refresh] done in 919ms @ http://localhost:3300/_next/static/chunks/node_modules_next_dist_f3530cac._.js:2297
[ 4907060ms] [LOG] [Fast Refresh] rebuilding @ http://localhost:3300/_next/static/chunks/node_modules_next_dist_f3530cac._.js:2297
[ 4907372ms] [LOG] [Fast Refresh] done in 305ms @ http://localhost:3300/_next/static/chunks/node_modules_next_dist_f3530cac._.js:2297
[ 4907559ms] [LOG] [Fast Refresh] rebuilding @ http://localhost:3300/_next/static/chunks/node_modules_next_dist_f3530cac._.js:2297
[ 4907930ms] [LOG] [Fast Refresh] done in 472ms @ http://localhost:3300/_next/static/chunks/node_modules_next_dist_f3530cac._.js:2297
[ 4908086ms] [LOG] [Fast Refresh] rebuilding @ http://localhost:3300/_next/static/chunks/node_modules_next_dist_f3530cac._.js:2297
[ 4908120ms] [LOG] [Fast Refresh] done in 135ms @ http://localhost:3300/_next/static/chunks/node_modules_next_dist_f3530cac._.js:2297
[ 4908225ms] [LOG] [Fast Refresh] rebuilding @ http://localhost:3300/_next/static/chunks/node_modules_next_dist_f3530cac._.js:2297
[ 4908227ms] [LOG] [Fast Refresh] done in 102ms @ http://localhost:3300/_next/static/chunks/node_modules_next_dist_f3530cac._.js:2297
[ 4908328ms] [LOG] [Fast Refresh] rebuilding @ http://localhost:3300/_next/static/chunks/node_modules_next_dist_f3530cac._.js:2297
[ 4908445ms] [LOG] [Fast Refresh] done in 218ms @ http://localhost:3300/_next/static/chunks/node_modules_next_dist_f3530cac._.js:2297
[ 4908555ms] [LOG] [Fast Refresh] rebuilding @ http://localhost:3300/_next/static/chunks/node_modules_next_dist_f3530cac._.js:2297
[ 4908768ms] [LOG] [Fast Refresh] done in 314ms @ http://localhost:3300/_next/static/chunks/node_modules_next_dist_f3530cac._.js:2297
[ 4908905ms] [LOG] [Fast Refresh] rebuilding @ http://localhost:3300/_next/static/chunks/node_modules_next_dist_f3530cac._.js:2297
[ 4908917ms] [LOG] [Fast Refresh] done in 112ms @ http://localhost:3300/_next/static/chunks/node_modules_next_dist_f3530cac._.js:2297
[ 4909019ms] [LOG] [Fast Refresh] rebuilding @ http://localhost:3300/_next/static/chunks/node_modules_next_dist_f3530cac._.js:2297
[ 4909071ms] [LOG] [Fast Refresh] done in 152ms @ http://localhost:3300/_next/static/chunks/node_modules_next_dist_f3530cac._.js:2297
[ 4909183ms] [LOG] [Fast Refresh] rebuilding @ http://localhost:3300/_next/static/chunks/node_modules_next_dist_f3530cac._.js:2297
[ 4909223ms] [LOG] [Fast Refresh] done in 141ms @ http://localhost:3300/_next/static/chunks/node_modules_next_dist_f3530cac._.js:2297
[ 4909397ms] [LOG] [Fast Refresh] rebuilding @ http://localhost:3300/_next/static/chunks/node_modules_next_dist_f3530cac._.js:2297
[ 4909470ms] [LOG] [Fast Refresh] done in 175ms @ http://localhost:3300/_next/static/chunks/node_modules_next_dist_f3530cac._.js:2297
[ 4909712ms] [LOG] [Fast Refresh] rebuilding @ http://localhost:3300/_next/static/chunks/node_modules_next_dist_f3530cac._.js:2297
[ 4909795ms] [LOG] [Fast Refresh] done in 184ms @ http://localhost:3300/_next/static/chunks/node_modules_next_dist_f3530cac._.js:2297
[ 4909981ms] [LOG] [Fast Refresh] rebuilding @ http://localhost:3300/_next/static/chunks/node_modules_next_dist_f3530cac._.js:2297
[ 4910041ms] [LOG] [Fast Refresh] done in 161ms @ http://localhost:3300/_next/static/chunks/node_modules_next_dist_f3530cac._.js:2297
[ 4910148ms] [LOG] [Fast Refresh] rebuilding @ http://localhost:3300/_next/static/chunks/node_modules_next_dist_f3530cac._.js:2297
[ 4910267ms] [LOG] [Fast Refresh] done in 221ms @ http://localhost:3300/_next/static/chunks/node_modules_next_dist_f3530cac._.js:2297
[ 4910437ms] [LOG] [Fast Refresh] rebuilding @ http://localhost:3300/_next/static/chunks/node_modules_next_dist_f3530cac._.js:2297
[ 4910580ms] [LOG] [Fast Refresh] done in 242ms @ http://localhost:3300/_next/static/chunks/node_modules_next_dist_f3530cac._.js:2297
[ 4910779ms] [LOG] [Fast Refresh] rebuilding @ http://localhost:3300/_next/static/chunks/node_modules_next_dist_f3530cac._.js:2297
[ 4910877ms] [LOG] [Fast Refresh] done in 200ms @ http://localhost:3300/_next/static/chunks/node_modules_next_dist_f3530cac._.js:2297
[ 4911023ms] [LOG] [Fast Refresh] rebuilding @ http://localhost:3300/_next/static/chunks/node_modules_next_dist_f3530cac._.js:2297
[ 4911102ms] [LOG] [Fast Refresh] done in 180ms @ http://localhost:3300/_next/static/chunks/node_modules_next_dist_f3530cac._.js:2297
[ 4911214ms] [LOG] [Fast Refresh] rebuilding @ http://localhost:3300/_next/static/chunks/node_modules_next_dist_f3530cac._.js:2297
[ 4911417ms] [LOG] [Fast Refresh] done in 305ms @ http://localhost:3300/_next/static/chunks/node_modules_next_dist_f3530cac._.js:2297
[ 4911654ms] [LOG] [Fast Refresh] rebuilding @ http://localhost:3300/_next/static/chunks/node_modules_next_dist_f3530cac._.js:2297
[ 4911770ms] [LOG] [Fast Refresh] done in 218ms @ http://localhost:3300/_next/static/chunks/node_modules_next_dist_f3530cac._.js:2297
[ 4911992ms] [LOG] [Fast Refresh] rebuilding @ http://localhost:3300/_next/static/chunks/node_modules_next_dist_f3530cac._.js:2297
[ 4912133ms] [LOG] [Fast Refresh] done in 241ms @ http://localhost:3300/_next/static/chunks/node_modules_next_dist_f3530cac._.js:2297
[ 4912423ms] [LOG] [Fast Refresh] rebuilding @ http://localhost:3300/_next/static/chunks/node_modules_next_dist_f3530cac._.js:2297
[ 4912462ms] [LOG] [Fast Refresh] done in 140ms @ http://localhost:3300/_next/static/chunks/node_modules_next_dist_f3530cac._.js:2297
[ 4912567ms] [LOG] [Fast Refresh] rebuilding @ http://localhost:3300/_next/static/chunks/node_modules_next_dist_f3530cac._.js:2297
[ 4912579ms] [LOG] [Fast Refresh] done in 114ms @ http://localhost:3300/_next/static/chunks/node_modules_next_dist_f3530cac._.js:2297
[ 4912831ms] [LOG] [Fast Refresh] rebuilding @ http://localhost:3300/_next/static/chunks/node_modules_next_dist_f3530cac._.js:2297
[ 4912956ms] [LOG] [Fast Refresh] done in 225ms @ http://localhost:3300/_next/static/chunks/node_modules_next_dist_f3530cac._.js:2297
[ 4913094ms] [LOG] [Fast Refresh] rebuilding @ http://localhost:3300/_next/static/chunks/node_modules_next_dist_f3530cac._.js:2297
[ 4913185ms] [LOG] [Fast Refresh] done in 191ms @ http://localhost:3300/_next/static/chunks/node_modules_next_dist_f3530cac._.js:2297
[ 4913536ms] [LOG] [Fast Refresh] rebuilding @ http://localhost:3300/_next/static/chunks/node_modules_next_dist_f3530cac._.js:2297
[ 4913603ms] [LOG] [Fast Refresh] done in 168ms @ http://localhost:3300/_next/static/chunks/node_modules_next_dist_f3530cac._.js:2297
[ 4913941ms] [LOG] [Fast Refresh] rebuilding @ http://localhost:3300/_next/static/chunks/node_modules_next_dist_f3530cac._.js:2297
[ 4913944ms] [LOG] [Fast Refresh] done in 105ms @ http://localhost:3300/_next/static/chunks/node_modules_next_dist_f3530cac._.js:2297
[ 4914169ms] [LOG] [Fast Refresh] rebuilding @ http://localhost:3300/_next/static/chunks/node_modules_next_dist_f3530cac._.js:2297
[ 4914204ms] [LOG] [Fast Refresh] done in 136ms @ http://localhost:3300/_next/static/chunks/node_modules_next_dist_f3530cac._.js:2297
[ 4914305ms] [LOG] [Fast Refresh] rebuilding @ http://localhost:3300/_next/static/chunks/node_modules_next_dist_f3530cac._.js:2297
[ 4914544ms] [LOG] [Fast Refresh] done in 338ms @ http://localhost:3300/_next/static/chunks/node_modules_next_dist_f3530cac._.js:2297
[ 5075115ms] [ERROR] Failed to load resource: the server responded with a status of 401 (Unauthorized) @ http://localhost:3300/api/notifications?limit=30:0
[ 5084236ms] [LOG] [Fast Refresh] rebuilding @ http://localhost:3300/_next/static/chunks/node_modules_next_dist_f3530cac._.js:2297
[ 5084258ms] [LOG] [Fast Refresh] done in 122ms @ http://localhost:3300/_next/static/chunks/node_modules_next_dist_f3530cac._.js:2297
[ 5135110ms] [ERROR] Failed to load resource: the server responded with a status of 401 (Unauthorized) @ http://localhost:3300/api/notifications?limit=30:0
[ 5195109ms] [ERROR] Failed to load resource: the server responded with a status of 401 (Unauthorized) @ http://localhost:3300/api/notifications?limit=30:0
[ 5201712ms] [LOG] [Fast Refresh] rebuilding @ http://localhost:3300/_next/static/chunks/node_modules_next_dist_f3530cac._.js:2297
[ 5201797ms] [LOG] [Fast Refresh] done in 185ms @ http://localhost:3300/_next/static/chunks/node_modules_next_dist_f3530cac._.js:2297
[ 5202910ms] [LOG] [Fast Refresh] rebuilding @ http://localhost:3300/_next/static/chunks/node_modules_next_dist_f3530cac._.js:2297
[ 5202949ms] [LOG] [Fast Refresh] done in 140ms @ http://localhost:3300/_next/static/chunks/node_modules_next_dist_f3530cac._.js:2297
[ 5309556ms] [LOG] [Fast Refresh] rebuilding @ http://localhost:3300/_next/static/chunks/node_modules_next_dist_f3530cac._.js:2297
[ 5309643ms] [LOG] [Fast Refresh] done in 168ms @ http://localhost:3300/_next/static/chunks/node_modules_next_dist_f3530cac._.js:2297
[ 5311100ms] [LOG] [Fast Refresh] rebuilding @ http://localhost:3300/_next/static/chunks/node_modules_next_dist_f3530cac._.js:2297
[ 5311280ms] [LOG] [Fast Refresh] done in 147ms @ http://localhost:3300/_next/static/chunks/node_modules_next_dist_f3530cac._.js:2297
[ 5311485ms] [LOG] [Fast Refresh] rebuilding @ http://localhost:3300/_next/static/chunks/node_modules_next_dist_f3530cac._.js:2297
[ 5311492ms] [LOG] [Fast Refresh] done in 109ms @ http://localhost:3300/_next/static/chunks/node_modules_next_dist_f3530cac._.js:2297
[ 5314930ms] [LOG] [Fast Refresh] rebuilding @ http://localhost:3300/_next/static/chunks/node_modules_next_dist_f3530cac._.js:2297
[ 5314942ms] [LOG] [Fast Refresh] done in 112ms @ http://localhost:3300/_next/static/chunks/node_modules_next_dist_f3530cac._.js:2297
[ 5318872ms] [LOG] [Fast Refresh] rebuilding @ http://localhost:3300/_next/static/chunks/node_modules_next_dist_f3530cac._.js:2297
[ 5318874ms] [LOG] [Fast Refresh] done in 104ms @ http://localhost:3300/_next/static/chunks/node_modules_next_dist_f3530cac._.js:2297
[ 5319502ms] [LOG] [Fast Refresh] rebuilding @ http://localhost:3300/_next/static/chunks/node_modules_next_dist_f3530cac._.js:2297
[ 5319514ms] [LOG] [Fast Refresh] done in 114ms @ http://localhost:3300/_next/static/chunks/node_modules_next_dist_f3530cac._.js:2297
[ 5321788ms] [LOG] [Fast Refresh] rebuilding @ http://localhost:3300/_next/static/chunks/node_modules_next_dist_f3530cac._.js:2297
[ 5321814ms] [LOG] [Fast Refresh] done in 77ms @ http://localhost:3300/_next/static/chunks/node_modules_next_dist_f3530cac._.js:2297
[ 5323233ms] [LOG] [Fast Refresh] rebuilding @ http://localhost:3300/_next/static/chunks/node_modules_next_dist_f3530cac._.js:2297
[ 5323247ms] [LOG] [Fast Refresh] done in 115ms @ http://localhost:3300/_next/static/chunks/node_modules_next_dist_f3530cac._.js:2297
[ 5323574ms] [LOG] [Fast Refresh] rebuilding @ http://localhost:3300/_next/static/chunks/node_modules_next_dist_f3530cac._.js:2297
[ 5323576ms] [LOG] [Fast Refresh] done in 104ms @ http://localhost:3300/_next/static/chunks/node_modules_next_dist_f3530cac._.js:2297
[ 5323694ms] [LOG] [Fast Refresh] rebuilding @ http://localhost:3300/_next/static/chunks/node_modules_next_dist_f3530cac._.js:2297
[ 5323706ms] [LOG] [Fast Refresh] done in 114ms @ http://localhost:3300/_next/static/chunks/node_modules_next_dist_f3530cac._.js:2297
[ 5328088ms] [LOG] [Fast Refresh] rebuilding @ http://localhost:3300/_next/static/chunks/node_modules_next_dist_f3530cac._.js:2297
[ 5328121ms] [LOG] [Fast Refresh] done in 135ms @ http://localhost:3300/_next/static/chunks/node_modules_next_dist_f3530cac._.js:2297
[ 5332648ms] [LOG] [Fast Refresh] rebuilding @ http://localhost:3300/_next/static/chunks/node_modules_next_dist_f3530cac._.js:2297
[ 5332665ms] [LOG] [Fast Refresh] done in 117ms @ http://localhost:3300/_next/static/chunks/node_modules_next_dist_f3530cac._.js:2297
[ 5348828ms] [LOG] [Fast Refresh] rebuilding @ http://localhost:3300/_next/static/chunks/node_modules_next_dist_f3530cac._.js:2297
[ 5348852ms] [LOG] [Fast Refresh] done in 126ms @ http://localhost:3300/_next/static/chunks/node_modules_next_dist_f3530cac._.js:2297
[ 5349029ms] [LOG] [Fast Refresh] rebuilding @ http://localhost:3300/_next/static/chunks/node_modules_next_dist_f3530cac._.js:2297
[ 5349043ms] [LOG] [Fast Refresh] done in 115ms @ http://localhost:3300/_next/static/chunks/node_modules_next_dist_f3530cac._.js:2297
[ 5353418ms] [LOG] [Fast Refresh] rebuilding @ http://localhost:3300/_next/static/chunks/node_modules_next_dist_f3530cac._.js:2297
[ 5353518ms] [LOG] [Fast Refresh] done in 201ms @ http://localhost:3300/_next/static/chunks/node_modules_next_dist_f3530cac._.js:2297
[ 5681601ms] [LOG] [Fast Refresh] rebuilding @ http://localhost:3300/_next/static/chunks/node_modules_next_dist_f3530cac._.js:2297
[ 5681822ms] [LOG] [Fast Refresh] done in 322ms @ http://localhost:3300/_next/static/chunks/node_modules_next_dist_f3530cac._.js:2297
[ 5683893ms] [LOG] [Fast Refresh] rebuilding @ http://localhost:3300/_next/static/chunks/node_modules_next_dist_f3530cac._.js:2297
[ 5683923ms] [LOG] [Fast Refresh] done in 130ms @ http://localhost:3300/_next/static/chunks/node_modules_next_dist_f3530cac._.js:2297
[ 5691951ms] [LOG] [Fast Refresh] rebuilding @ http://localhost:3300/_next/static/chunks/node_modules_next_dist_f3530cac._.js:2297
[ 5691959ms] [LOG] [Fast Refresh] done in 109ms @ http://localhost:3300/_next/static/chunks/node_modules_next_dist_f3530cac._.js:2297
[ 7031732ms] [LOG] [Fast Refresh] rebuilding @ http://localhost:3300/_next/static/chunks/node_modules_next_dist_f3530cac._.js:2297
[ 7031740ms] [LOG] [Fast Refresh] done in 110ms @ http://localhost:3300/_next/static/chunks/node_modules_next_dist_f3530cac._.js:2297
[ 7300423ms] [LOG] [Fast Refresh] rebuilding @ http://localhost:3300/_next/static/chunks/node_modules_next_dist_f3530cac._.js:2297
[ 7300571ms] [LOG] [Fast Refresh] done in 211ms @ http://localhost:3300/_next/static/chunks/node_modules_next_dist_f3530cac._.js:2297
[ 7339976ms] [LOG] [Fast Refresh] rebuilding @ http://localhost:3300/_next/static/chunks/node_modules_next_dist_f3530cac._.js:2297
[ 7339982ms] [LOG] [Fast Refresh] done in 108ms @ http://localhost:3300/_next/static/chunks/node_modules_next_dist_f3530cac._.js:2297
[ 7343410ms] [LOG] [Fast Refresh] rebuilding @ http://localhost:3300/_next/static/chunks/node_modules_next_dist_f3530cac._.js:2297
[ 7343413ms] [LOG] [Fast Refresh] done in 104ms @ http://localhost:3300/_next/static/chunks/node_modules_next_dist_f3530cac._.js:2297
[ 7343833ms] [LOG] [Fast Refresh] rebuilding @ http://localhost:3300/_next/static/chunks/node_modules_next_dist_f3530cac._.js:2297
[ 7343853ms] [LOG] [Fast Refresh] done in 121ms @ http://localhost:3300/_next/static/chunks/node_modules_next_dist_f3530cac._.js:2297
[ 7349656ms] [LOG] [Fast Refresh] rebuilding @ http://localhost:3300/_next/static/chunks/node_modules_next_dist_f3530cac._.js:2297
[ 7349731ms] [LOG] [Fast Refresh] done in 154ms @ http://localhost:3300/_next/static/chunks/node_modules_next_dist_f3530cac._.js:2297
[ 7350643ms] [LOG] [Fast Refresh] rebuilding @ http://localhost:3300/_next/static/chunks/node_modules_next_dist_f3530cac._.js:2297
[ 7350687ms] [LOG] [Fast Refresh] done in 70ms @ http://localhost:3300/_next/static/chunks/node_modules_next_dist_f3530cac._.js:2297
[ 7352912ms] [LOG] [Fast Refresh] rebuilding @ http://localhost:3300/_next/static/chunks/node_modules_next_dist_f3530cac._.js:2297
[ 7352939ms] [LOG] [Fast Refresh] done in 69ms @ http://localhost:3300/_next/static/chunks/node_modules_next_dist_f3530cac._.js:2297
[ 7354131ms] [LOG] [Fast Refresh] rebuilding @ http://localhost:3300/_next/static/chunks/node_modules_next_dist_f3530cac._.js:2297
[ 7354157ms] [LOG] [Fast Refresh] done in 63ms @ http://localhost:3300/_next/static/chunks/node_modules_next_dist_f3530cac._.js:2297
[ 7357032ms] [LOG] [Fast Refresh] rebuilding @ http://localhost:3300/_next/static/chunks/node_modules_next_dist_f3530cac._.js:2297
[ 7357061ms] [LOG] [Fast Refresh] done in 108ms @ http://localhost:3300/_next/static/chunks/node_modules_next_dist_f3530cac._.js:2297
[ 7358408ms] [LOG] [Fast Refresh] rebuilding @ http://localhost:3300/_next/static/chunks/node_modules_next_dist_f3530cac._.js:2297
[ 7358469ms] [LOG] [Fast Refresh] done in 120ms @ http://localhost:3300/_next/static/chunks/node_modules_next_dist_f3530cac._.js:2297
[ 7361701ms] [LOG] [Fast Refresh] rebuilding @ http://localhost:3300/_next/static/chunks/node_modules_next_dist_f3530cac._.js:2297
[ 7361727ms] [LOG] [Fast Refresh] done in 85ms @ http://localhost:3300/_next/static/chunks/node_modules_next_dist_f3530cac._.js:2297
[ 7364804ms] [LOG] [Fast Refresh] rebuilding @ http://localhost:3300/_next/static/chunks/node_modules_next_dist_f3530cac._.js:2297
[ 7364843ms] [LOG] [Fast Refresh] done in 64ms @ http://localhost:3300/_next/static/chunks/node_modules_next_dist_f3530cac._.js:2297
[ 7371725ms] [LOG] [Fast Refresh] rebuilding @ http://localhost:3300/_next/static/chunks/node_modules_next_dist_f3530cac._.js:2297
[ 7371785ms] [ERROR] ./app/(menu)/test-mgmt/testers/page.tsx:688:14
Parsing ecmascript source code failed
  686 |                 </TableBody>
  687 |               </Table>
> 688 |             )}
      |              ^
  689 |           </Card>
  690 |         </>
  691 |       )}

Unexpected token. Did you mean `{'}'}` or `&rbrace;`?

Import traces:
  Client Component Browser:
    ./app/(menu)/test-mgmt/testers/page.tsx [Client Component Browser]
    ./app/(menu)/test-mgmt/testers/page.tsx [Server Component]

  Client Component SSR:
    ./app/(menu)/test-mgmt/testers/page.tsx [Client Component SSR]
    ./app/(menu)/test-mgmt/testers/page.tsx [Server Component] @ http://localhost:3300/_next/static/chunks/node_modules_next_dist_f3530cac._.js:3127
[ 7372120ms] [ERROR] ./app/(menu)/test-mgmt/testers/page.tsx:688:14
Parsing ecmascript source code failed
  686 |                 </TableBody>
  687 |               </Table>
> 688 |             )}
      |              ^
  689 |           </Card>
  690 |         </>
  691 |       )}

Unexpected token. Did you mean `{'}'}` or `&rbrace;`?

Import traces:
  Client Component Browser:
    ./app/(menu)/test-mgmt/testers/page.tsx [Client Component Browser]
    ./app/(menu)/test-mgmt/testers/page.tsx [Server Component]

  Client Component SSR:
    ./app/(menu)/test-mgmt/testers/page.tsx [Client Component SSR]
    ./app/(menu)/test-mgmt/testers/page.tsx [Server Component] @ http://localhost:3300/_next/static/chunks/node_modules_next_dist_f3530cac._.js:3127
[ 7372131ms] [LOG] [Fast Refresh] rebuilding @ http://localhost:3300/_next/static/chunks/node_modules_next_dist_f3530cac._.js:2297
[ 7372240ms] [LOG] [Fast Refresh] rebuilding @ http://localhost:3300/_next/static/chunks/node_modules_next_dist_f3530cac._.js:2297
[ 7372311ms] [ERROR] ./app/(menu)/test-mgmt/testers/page.tsx:688:14
Parsing ecmascript source code failed
  686 |                 </TableBody>
  687 |               </Table>
> 688 |             )}
      |              ^
  689 |           </Card>
  690 |         </>
  691 |       )}

Unexpected token. Did you mean `{'}'}` or `&rbrace;`?

Import traces:
  Client Component Browser:
    ./app/(menu)/test-mgmt/testers/page.tsx [Client Component Browser]
    ./app/(menu)/test-mgmt/testers/page.tsx [Server Component]

  Client Component SSR:
    ./app/(menu)/test-mgmt/testers/page.tsx [Client Component SSR]
    ./app/(menu)/test-mgmt/testers/page.tsx [Server Component] @ http://localhost:3300/_next/static/chunks/node_modules_next_dist_f3530cac._.js:3127
[ 7372518ms] [ERROR] ./app/(menu)/test-mgmt/testers/page.tsx:688:14
Parsing ecmascript source code failed
  686 |                 </TableBody>
  687 |               </Table>
> 688 |             )}
      |              ^
  689 |           </Card>
  690 |         </>
  691 |       )}

Unexpected token. Did you mean `{'}'}` or `&rbrace;`?

Import traces:
  Client Component Browser:
    ./app/(menu)/test-mgmt/testers/page.tsx [Client Component Browser]
    ./app/(menu)/test-mgmt/testers/page.tsx [Server Component]

  Client Component SSR:
    ./app/(menu)/test-mgmt/testers/page.tsx [Client Component SSR]
    ./app/(menu)/test-mgmt/testers/page.tsx [Server Component] @ http://localhost:3300/_next/static/chunks/node_modules_next_dist_f3530cac._.js:3127
[ 7372534ms] [LOG] [Fast Refresh] rebuilding @ http://localhost:3300/_next/static/chunks/node_modules_next_dist_f3530cac._.js:2297
[ 7372661ms] [ERROR] ./app/(menu)/test-mgmt/testers/page.tsx:688:14
Parsing ecmascript source code failed
  686 |                 </TableBody>
  687 |               </Table>
> 688 |             )}
      |              ^
  689 |           </Card>
  690 |         </>
  691 |       )}

Unexpected token. Did you mean `{'}'}` or `&rbrace;`?

Import traces:
  Client Component Browser:
    ./app/(menu)/test-mgmt/testers/page.tsx [Client Component Browser]
    ./app/(menu)/test-mgmt/testers/page.tsx [Server Component]

  Client Component SSR:
    ./app/(menu)/test-mgmt/testers/page.tsx [Client Component SSR]
    ./app/(menu)/test-mgmt/testers/page.tsx [Server Component] @ http://localhost:3300/_next/static/chunks/node_modules_next_dist_f3530cac._.js:3127
[ 7372726ms] [LOG] [Fast Refresh] rebuilding @ http://localhost:3300/_next/static/chunks/node_modules_next_dist_f3530cac._.js:2297
[ 7373008ms] [ERROR] ./app/(menu)/test-mgmt/testers/page.tsx:688:14
Parsing ecmascript source code failed
  686 |                 </TableBody>
  687 |               </Table>
> 688 |             )}
      |              ^
  689 |           </Card>
  690 |         </>
  691 |       )}

Unexpected token. Did you mean `{'}'}` or `&rbrace;`?

Import traces:
  Client Component Browser:
    ./app/(menu)/test-mgmt/testers/page.tsx [Client Component Browser]
    ./app/(menu)/test-mgmt/testers/page.tsx [Server Component]

  Client Component SSR:
    ./app/(menu)/test-mgmt/testers/page.tsx [Client Component SSR]
    ./app/(menu)/test-mgmt/testers/page.tsx [Server Component] @ http://localhost:3300/_next/static/chunks/node_modules_next_dist_f3530cac._.js:3127
[ 7373041ms] [LOG] [Fast Refresh] rebuilding @ http://localhost:3300/_next/static/chunks/node_modules_next_dist_f3530cac._.js:2297
[ 7373107ms] [ERROR] ./app/(menu)/test-mgmt/testers/page.tsx:688:14
Parsing ecmascript source code failed
  686 |                 </TableBody>
  687 |               </Table>
> 688 |             )}
      |              ^
  689 |           </Card>
  690 |         </>
  691 |       )}

Unexpected token. Did you mean `{'}'}` or `&rbrace;`?

Import traces:
  Client Component Browser:
    ./app/(menu)/test-mgmt/testers/page.tsx [Client Component Browser]
    ./app/(menu)/test-mgmt/testers/page.tsx [Server Component]

  Client Component SSR:
    ./app/(menu)/test-mgmt/testers/page.tsx [Client Component SSR]
    ./app/(menu)/test-mgmt/testers/page.tsx [Server Component] @ http://localhost:3300/_next/static/chunks/node_modules_next_dist_f3530cac._.js:3127
[ 7373143ms] [LOG] [Fast Refresh] rebuilding @ http://localhost:3300/_next/static/chunks/node_modules_next_dist_f3530cac._.js:2297
[ 7373280ms] [ERROR] ./app/(menu)/test-mgmt/testers/page.tsx:688:14
Parsing ecmascript source code failed
  686 |                 </TableBody>
  687 |               </Table>
> 688 |             )}
      |              ^
  689 |           </Card>
  690 |         </>
  691 |       )}

Unexpected token. Did you mean `{'}'}` or `&rbrace;`?

Import traces:
  Client Component Browser:
    ./app/(menu)/test-mgmt/testers/page.tsx [Client Component Browser]
    ./app/(menu)/test-mgmt/testers/page.tsx [Server Component]

  Client Component SSR:
    ./app/(menu)/test-mgmt/testers/page.tsx [Client Component SSR]
    ./app/(menu)/test-mgmt/testers/page.tsx [Server Component] @ http://localhost:3300/_next/static/chunks/node_modules_next_dist_f3530cac._.js:3127
[ 7373317ms] [LOG] [Fast Refresh] rebuilding @ http://localhost:3300/_next/static/chunks/node_modules_next_dist_f3530cac._.js:2297
[ 7373385ms] [ERROR] ./app/(menu)/test-mgmt/testers/page.tsx:688:14
Parsing ecmascript source code failed
  686 |                 </TableBody>
  687 |               </Table>
> 688 |             )}
      |              ^
  689 |           </Card>
  690 |         </>
  691 |       )}

Unexpected token. Did you mean `{'}'}` or `&rbrace;`?

Import traces:
  Client Component Browser:
    ./app/(menu)/test-mgmt/testers/page.tsx [Client Component Browser]
    ./app/(menu)/test-mgmt/testers/page.tsx [Server Component]

  Client Component SSR:
    ./app/(menu)/test-mgmt/testers/page.tsx [Client Component SSR]
    ./app/(menu)/test-mgmt/testers/page.tsx [Server Component] @ http://localhost:3300/_next/static/chunks/node_modules_next_dist_f3530cac._.js:3127
[ 7373420ms] [LOG] [Fast Refresh] rebuilding @ http://localhost:3300/_next/static/chunks/node_modules_next_dist_f3530cac._.js:2297
[ 7374469ms] [ERROR] ./app/(menu)/test-mgmt/testers/page.tsx:688:14
Parsing ecmascript source code failed
  686 |                 </TableBody>
  687 |               </Table>
> 688 |             )}
      |              ^
  689 |           </Card>
  690 |         </>
  691 |       )}

Unexpected token. Did you mean `{'}'}` or `&rbrace;`?

Import traces:
  Client Component Browser:
    ./app/(menu)/test-mgmt/testers/page.tsx [Client Component Browser]
    ./app/(menu)/test-mgmt/testers/page.tsx [Server Component]

  Client Component SSR:
    ./app/(menu)/test-mgmt/testers/page.tsx [Client Component SSR]
    ./app/(menu)/test-mgmt/testers/page.tsx [Server Component] @ http://localhost:3300/_next/static/chunks/node_modules_next_dist_f3530cac._.js:3127
[ 7374501ms] [LOG] [Fast Refresh] rebuilding @ http://localhost:3300/_next/static/chunks/node_modules_next_dist_f3530cac._.js:2297
[ 7374568ms] [ERROR] ./app/(menu)/test-mgmt/testers/page.tsx:688:14
Parsing ecmascript source code failed
  686 |                 </TableBody>
  687 |               </Table>
> 688 |             )}
      |              ^
  689 |           </Card>
  690 |         </>
  691 |       )}

Unexpected token. Did you mean `{'}'}` or `&rbrace;`?

Import traces:
  Client Component Browser:
    ./app/(menu)/test-mgmt/testers/page.tsx [Client Component Browser]
    ./app/(menu)/test-mgmt/testers/page.tsx [Server Component]

  Client Component SSR:
    ./app/(menu)/test-mgmt/testers/page.tsx [Client Component SSR]
    ./app/(menu)/test-mgmt/testers/page.tsx [Server Component] @ http://localhost:3300/_next/static/chunks/node_modules_next_dist_f3530cac._.js:3127
[ 7374604ms] [LOG] [Fast Refresh] rebuilding @ http://localhost:3300/_next/static/chunks/node_modules_next_dist_f3530cac._.js:2297
[ 7374744ms] [ERROR] ./app/(menu)/test-mgmt/testers/page.tsx:688:14
Parsing ecmascript source code failed
  686 |                 </TableBody>
  687 |               </Table>
> 688 |             )}
      |              ^
  689 |           </Card>
  690 |         </>
  691 |       )}

Unexpected token. Did you mean `{'}'}` or `&rbrace;`?

Import traces:
  Client Component Browser:
    ./app/(menu)/test-mgmt/testers/page.tsx [Client Component Browser]
    ./app/(menu)/test-mgmt/testers/page.tsx [Server Component]

  Client Component SSR:
    ./app/(menu)/test-mgmt/testers/page.tsx [Client Component SSR]
    ./app/(menu)/test-mgmt/testers/page.tsx [Server Component] @ http://localhost:3300/_next/static/chunks/node_modules_next_dist_f3530cac._.js:3127
[ 7374780ms] [LOG] [Fast Refresh] rebuilding @ http://localhost:3300/_next/static/chunks/node_modules_next_dist_f3530cac._.js:2297
[ 7374849ms] [ERROR] ./app/(menu)/test-mgmt/testers/page.tsx:688:14
Parsing ecmascript source code failed
  686 |                 </TableBody>
  687 |               </Table>
> 688 |             )}
      |              ^
  689 |           </Card>
  690 |         </>
  691 |       )}

Unexpected token. Did you mean `{'}'}` or `&rbrace;`?

Import traces:
  Client Component Browser:
    ./app/(menu)/test-mgmt/testers/page.tsx [Client Component Browser]
    ./app/(menu)/test-mgmt/testers/page.tsx [Server Component]

  Client Component SSR:
    ./app/(menu)/test-mgmt/testers/page.tsx [Client Component SSR]
    ./app/(menu)/test-mgmt/testers/page.tsx [Server Component] @ http://localhost:3300/_next/static/chunks/node_modules_next_dist_f3530cac._.js:3127
[ 7374884ms] [LOG] [Fast Refresh] rebuilding @ http://localhost:3300/_next/static/chunks/node_modules_next_dist_f3530cac._.js:2297
[ 7376025ms] [ERROR] ./app/(menu)/test-mgmt/testers/page.tsx:688:14
Parsing ecmascript source code failed
  686 |                 </TableBody>
  687 |               </Table>
> 688 |             )}
      |              ^
  689 |           </Card>
  690 |         </>
  691 |       )}

Unexpected token. Did you mean `{'}'}` or `&rbrace;`?

Import traces:
  Client Component Browser:
    ./app/(menu)/test-mgmt/testers/page.tsx [Client Component Browser]
    ./app/(menu)/test-mgmt/testers/page.tsx [Server Component]

  Client Component SSR:
    ./app/(menu)/test-mgmt/testers/page.tsx [Client Component SSR]
    ./app/(menu)/test-mgmt/testers/page.tsx [Server Component] @ http://localhost:3300/_next/static/chunks/node_modules_next_dist_f3530cac._.js:3127
[ 7376062ms] [LOG] [Fast Refresh] rebuilding @ http://localhost:3300/_next/static/chunks/node_modules_next_dist_f3530cac._.js:2297
[ 7376129ms] [ERROR] ./app/(menu)/test-mgmt/testers/page.tsx:688:14
Parsing ecmascript source code failed
  686 |                 </TableBody>
  687 |               </Table>
> 688 |             )}
      |              ^
  689 |           </Card>
  690 |         </>
  691 |       )}

Unexpected token. Did you mean `{'}'}` or `&rbrace;`?

Import traces:
  Client Component Browser:
    ./app/(menu)/test-mgmt/testers/page.tsx [Client Component Browser]
    ./app/(menu)/test-mgmt/testers/page.tsx [Server Component]

  Client Component SSR:
    ./app/(menu)/test-mgmt/testers/page.tsx [Client Component SSR]
    ./app/(menu)/test-mgmt/testers/page.tsx [Server Component] @ http://localhost:3300/_next/static/chunks/node_modules_next_dist_f3530cac._.js:3127
[ 7376164ms] [LOG] [Fast Refresh] rebuilding @ http://localhost:3300/_next/static/chunks/node_modules_next_dist_f3530cac._.js:2297
[ 7376314ms] [ERROR] ./app/(menu)/test-mgmt/testers/page.tsx:688:14
Parsing ecmascript source code failed
  686 |                 </TableBody>
  687 |               </Table>
> 688 |             )}
      |              ^
  689 |           </Card>
  690 |         </>
  691 |       )}

Unexpected token. Did you mean `{'}'}` or `&rbrace;`?

Import traces:
  Client Component Browser:
    ./app/(menu)/test-mgmt/testers/page.tsx [Client Component Browser]
    ./app/(menu)/test-mgmt/testers/page.tsx [Server Component]

  Client Component SSR:
    ./app/(menu)/test-mgmt/testers/page.tsx [Client Component SSR]
    ./app/(menu)/test-mgmt/testers/page.tsx [Server Component] @ http://localhost:3300/_next/static/chunks/node_modules_next_dist_f3530cac._.js:3127
[ 7376341ms] [LOG] [Fast Refresh] rebuilding @ http://localhost:3300/_next/static/chunks/node_modules_next_dist_f3530cac._.js:2297
[ 7376447ms] [ERROR] ./app/(menu)/test-mgmt/testers/page.tsx:688:14
Parsing ecmascript source code failed
  686 |                 </TableBody>
  687 |               </Table>
> 688 |             )}
      |              ^
  689 |           </Card>
  690 |         </>
  691 |       )}

Unexpected token. Did you mean `{'}'}` or `&rbrace;`?

Import traces:
  Client Component Browser:
    ./app/(menu)/test-mgmt/testers/page.tsx [Client Component Browser]
    ./app/(menu)/test-mgmt/testers/page.tsx [Server Component]

  Client Component SSR:
    ./app/(menu)/test-mgmt/testers/page.tsx [Client Component SSR]
    ./app/(menu)/test-mgmt/testers/page.tsx [Server Component] @ http://localhost:3300/_next/static/chunks/node_modules_next_dist_f3530cac._.js:3127
[ 7376452ms] [LOG] [Fast Refresh] rebuilding @ http://localhost:3300/_next/static/chunks/node_modules_next_dist_f3530cac._.js:2297
[ 7376627ms] [ERROR] ./app/(menu)/test-mgmt/testers/page.tsx:688:14
Parsing ecmascript source code failed
  686 |                 </TableBody>
  687 |               </Table>
> 688 |             )}
      |              ^
  689 |           </Card>
  690 |         </>
  691 |       )}

Unexpected token. Did you mean `{'}'}` or `&rbrace;`?

Import traces:
  Client Component Browser:
    ./app/(menu)/test-mgmt/testers/page.tsx [Client Component Browser]
    ./app/(menu)/test-mgmt/testers/page.tsx [Server Component]

  Client Component SSR:
    ./app/(menu)/test-mgmt/testers/page.tsx [Client Component SSR]
    ./app/(menu)/test-mgmt/testers/page.tsx [Server Component] @ http://localhost:3300/_next/static/chunks/node_modules_next_dist_f3530cac._.js:3127
[ 7376662ms] [LOG] [Fast Refresh] rebuilding @ http://localhost:3300/_next/static/chunks/node_modules_next_dist_f3530cac._.js:2297
[ 7377596ms] [ERROR] ./app/(menu)/test-mgmt/testers/page.tsx:688:14
Parsing ecmascript source code failed
  686 |                 </TableBody>
  687 |               </Table>
> 688 |             )}
      |              ^
  689 |           </Card>
  690 |         </>
  691 |       )}

Unexpected token. Did you mean `{'}'}` or `&rbrace;`?

Import traces:
  Client Component Browser:
    ./app/(menu)/test-mgmt/testers/page.tsx [Client Component Browser]
    ./app/(menu)/test-mgmt/testers/page.tsx [Server Component]

  Client Component SSR:
    ./app/(menu)/test-mgmt/testers/page.tsx [Client Component SSR]
    ./app/(menu)/test-mgmt/testers/page.tsx [Server Component] @ http://localhost:3300/_next/static/chunks/node_modules_next_dist_f3530cac._.js:3127
[ 7377629ms] [LOG] [Fast Refresh] rebuilding @ http://localhost:3300/_next/static/chunks/node_modules_next_dist_f3530cac._.js:2297
[ 7378062ms] [ERROR] ./app/(menu)/test-mgmt/testers/page.tsx:688:14
Parsing ecmascript source code failed
  686 |                 </TableBody>
  687 |               </Table>
> 688 |             )}
      |              ^
  689 |           </Card>
  690 |         </>
  691 |       )}

Unexpected token. Did you mean `{'}'}` or `&rbrace;`?

Import traces:
  Client Component Browser:
    ./app/(menu)/test-mgmt/testers/page.tsx [Client Component Browser]
    ./app/(menu)/test-mgmt/testers/page.tsx [Server Component]

  Client Component SSR:
    ./app/(menu)/test-mgmt/testers/page.tsx [Client Component SSR]
    ./app/(menu)/test-mgmt/testers/page.tsx [Server Component] @ http://localhost:3300/_next/static/chunks/node_modules_next_dist_f3530cac._.js:3127
[ 7378128ms] [LOG] [Fast Refresh] rebuilding @ http://localhost:3300/_next/static/chunks/node_modules_next_dist_f3530cac._.js:2297
[ 7378813ms] [ERROR] ./app/(menu)/test-mgmt/testers/page.tsx:688:14
Parsing ecmascript source code failed
  686 |                 </TableBody>
  687 |               </Table>
> 688 |             )}
      |              ^
  689 |           </Card>
  690 |         </>
  691 |       )}

Unexpected token. Did you mean `{'}'}` or `&rbrace;`?

Import traces:
  Client Component Browser:
    ./app/(menu)/test-mgmt/testers/page.tsx [Client Component Browser]
    ./app/(menu)/test-mgmt/testers/page.tsx [Server Component]

  Client Component SSR:
    ./app/(menu)/test-mgmt/testers/page.tsx [Client Component SSR]
    ./app/(menu)/test-mgmt/testers/page.tsx [Server Component] @ http://localhost:3300/_next/static/chunks/node_modules_next_dist_f3530cac._.js:3127
[ 7378844ms] [LOG] [Fast Refresh] rebuilding @ http://localhost:3300/_next/static/chunks/node_modules_next_dist_f3530cac._.js:2297
[ 7379040ms] [ERROR] ./app/(menu)/test-mgmt/testers/page.tsx:688:14
Parsing ecmascript source code failed
  686 |                 </TableBody>
  687 |               </Table>
> 688 |             )}
      |              ^
  689 |           </Card>
  690 |         </>
  691 |       )}

Unexpected token. Did you mean `{'}'}` or `&rbrace;`?

Import traces:
  Client Component Browser:
    ./app/(menu)/test-mgmt/testers/page.tsx [Client Component Browser]
    ./app/(menu)/test-mgmt/testers/page.tsx [Server Component]

  Client Component SSR:
    ./app/(menu)/test-mgmt/testers/page.tsx [Client Component SSR]
    ./app/(menu)/test-mgmt/testers/page.tsx [Server Component] @ http://localhost:3300/_next/static/chunks/node_modules_next_dist_f3530cac._.js:3127
[ 7379072ms] [LOG] [Fast Refresh] rebuilding @ http://localhost:3300/_next/static/chunks/node_modules_next_dist_f3530cac._.js:2297
[ 7381895ms] [ERROR] ./app/(menu)/test-mgmt/testers/page.tsx:688:14
Parsing ecmascript source code failed
  686 |                 </TableBody>
  687 |               </Table>
> 688 |             )}
      |              ^
  689 |           </Card>
  690 |         </>
  691 |       )}

Unexpected token. Did you mean `{'}'}` or `&rbrace;`?

Import traces:
  Client Component Browser:
    ./app/(menu)/test-mgmt/testers/page.tsx [Client Component Browser]
    ./app/(menu)/test-mgmt/testers/page.tsx [Server Component]

  Client Component SSR:
    ./app/(menu)/test-mgmt/testers/page.tsx [Client Component SSR]
    ./app/(menu)/test-mgmt/testers/page.tsx [Server Component] @ http://localhost:3300/_next/static/chunks/node_modules_next_dist_f3530cac._.js:3127
[ 7381933ms] [LOG] [Fast Refresh] rebuilding @ http://localhost:3300/_next/static/chunks/node_modules_next_dist_f3530cac._.js:2297
[ 7383640ms] [LOG] [Fast Refresh] rebuilding @ http://localhost:3300/_next/static/chunks/node_modules_next_dist_f3530cac._.js:2297
[ 7383795ms] [LOG] [Fast Refresh] done in 105ms @ http://localhost:3300/_next/static/chunks/node_modules_next_dist_f3530cac._.js:2297
[ 7388140ms] [LOG] [Fast Refresh] rebuilding @ http://localhost:3300/_next/static/chunks/node_modules_next_dist_f3530cac._.js:2297
[ 7388176ms] [LOG] [Fast Refresh] done in 50ms @ http://localhost:3300/_next/static/chunks/node_modules_next_dist_f3530cac._.js:2297
[ 7388258ms] [LOG] [Fast Refresh] rebuilding @ http://localhost:3300/_next/static/chunks/node_modules_next_dist_f3530cac._.js:2297
[ 7388285ms] [LOG] [Fast Refresh] done in 83ms @ http://localhost:3300/_next/static/chunks/node_modules_next_dist_f3530cac._.js:2297
[ 7391036ms] [LOG] [Fast Refresh] rebuilding @ http://localhost:3300/_next/static/chunks/node_modules_next_dist_f3530cac._.js:2297
[ 7391057ms] [LOG] [Fast Refresh] done in 67ms @ http://localhost:3300/_next/static/chunks/node_modules_next_dist_f3530cac._.js:2297
[ 7393336ms] [LOG] [Fast Refresh] rebuilding @ http://localhost:3300/_next/static/chunks/node_modules_next_dist_f3530cac._.js:2297
[ 7393357ms] [LOG] [Fast Refresh] done in 81ms @ http://localhost:3300/_next/static/chunks/node_modules_next_dist_f3530cac._.js:2297
[ 7397244ms] [LOG] [Fast Refresh] rebuilding @ http://localhost:3300/_next/static/chunks/node_modules_next_dist_f3530cac._.js:2297
[ 7397271ms] [LOG] [Fast Refresh] done in 80ms @ http://localhost:3300/_next/static/chunks/node_modules_next_dist_f3530cac._.js:2297
[ 7406313ms] [LOG] [Fast Refresh] rebuilding @ http://localhost:3300/_next/static/chunks/node_modules_next_dist_f3530cac._.js:2297
[ 7406333ms] [LOG] [Fast Refresh] done in 88ms @ http://localhost:3300/_next/static/chunks/node_modules_next_dist_f3530cac._.js:2297
[ 7409776ms] [LOG] [Fast Refresh] rebuilding @ http://localhost:3300/_next/static/chunks/node_modules_next_dist_f3530cac._.js:2297
[ 7409801ms] [LOG] [Fast Refresh] done in 73ms @ http://localhost:3300/_next/static/chunks/node_modules_next_dist_f3530cac._.js:2297
[ 7415119ms] [LOG] [Fast Refresh] rebuilding @ http://localhost:3300/_next/static/chunks/node_modules_next_dist_f3530cac._.js:2297
[ 7415137ms] [LOG] [Fast Refresh] done in 94ms @ http://localhost:3300/_next/static/chunks/node_modules_next_dist_f3530cac._.js:2297
[ 7417062ms] [LOG] [Fast Refresh] rebuilding @ http://localhost:3300/_next/static/chunks/node_modules_next_dist_f3530cac._.js:2297
[ 7417069ms] [LOG] [Fast Refresh] done in 109ms @ http://localhost:3300/_next/static/chunks/node_modules_next_dist_f3530cac._.js:2297
[ 7423760ms] [LOG] [Fast Refresh] rebuilding @ http://localhost:3300/_next/static/chunks/node_modules_next_dist_f3530cac._.js:2297
[ 7423780ms] [LOG] [Fast Refresh] done in 81ms @ http://localhost:3300/_next/static/chunks/node_modules_next_dist_f3530cac._.js:2297
[ 7427757ms] [LOG] [Fast Refresh] rebuilding @ http://localhost:3300/_next/static/chunks/node_modules_next_dist_f3530cac._.js:2297
[ 7427785ms] [LOG] [Fast Refresh] done in 79ms @ http://localhost:3300/_next/static/chunks/node_modules_next_dist_f3530cac._.js:2297
[ 7433975ms] [LOG] [Fast Refresh] rebuilding @ http://localhost:3300/_next/static/chunks/node_modules_next_dist_f3530cac._.js:2297
[ 7434055ms] [LOG] [Fast Refresh] done in 152ms @ http://localhost:3300/_next/static/chunks/node_modules_next_dist_f3530cac._.js:2297
[ 7434157ms] [LOG] [Fast Refresh] rebuilding @ http://localhost:3300/_next/static/chunks/node_modules_next_dist_f3530cac._.js:2297
[ 7434335ms] [LOG] [Fast Refresh] done in 280ms @ http://localhost:3300/_next/static/chunks/node_modules_next_dist_f3530cac._.js:2297
[ 7435255ms] [LOG] [Fast Refresh] rebuilding @ http://localhost:3300/_next/static/chunks/node_modules_next_dist_f3530cac._.js:2297
[ 7435257ms] [LOG] [Fast Refresh] done in 103ms @ http://localhost:3300/_next/static/chunks/node_modules_next_dist_f3530cac._.js:2297
[ 7447975ms] [LOG] [Fast Refresh] rebuilding @ http://localhost:3300/_next/static/chunks/node_modules_next_dist_f3530cac._.js:2297
[ 7447977ms] [LOG] [Fast Refresh] done in 104ms @ http://localhost:3300/_next/static/chunks/node_modules_next_dist_f3530cac._.js:2297
[ 7450241ms] [LOG] [Fast Refresh] rebuilding @ http://localhost:3300/_next/static/chunks/node_modules_next_dist_f3530cac._.js:2297
[ 7450284ms] [LOG] [Fast Refresh] done in 144ms @ http://localhost:3300/_next/static/chunks/node_modules_next_dist_f3530cac._.js:2297
[ 7454188ms] [LOG] [Fast Refresh] rebuilding @ http://localhost:3300/_next/static/chunks/node_modules_next_dist_f3530cac._.js:2297
[ 7454257ms] [LOG] [Fast Refresh] done in 120ms @ http://localhost:3300/_next/static/chunks/node_modules_next_dist_f3530cac._.js:2297
[ 7463239ms] [LOG] [Fast Refresh] rebuilding @ http://localhost:3300/_next/static/chunks/node_modules_next_dist_f3530cac._.js:2297
[ 7463264ms] [LOG] [Fast Refresh] done in 89ms @ http://localhost:3300/_next/static/chunks/node_modules_next_dist_f3530cac._.js:2297
[ 7465154ms] [LOG] [Fast Refresh] rebuilding @ http://localhost:3300/_next/static/chunks/node_modules_next_dist_f3530cac._.js:2297
[ 7465186ms] [LOG] [Fast Refresh] done in 133ms @ http://localhost:3300/_next/static/chunks/node_modules_next_dist_f3530cac._.js:2297
[ 7472271ms] [LOG] [Fast Refresh] rebuilding @ http://localhost:3300/_next/static/chunks/node_modules_next_dist_f3530cac._.js:2297
[ 7472425ms] [LOG] [Fast Refresh] done in 213ms @ http://localhost:3300/_next/static/chunks/node_modules_next_dist_f3530cac._.js:2297
[ 7475587ms] [LOG] [Fast Refresh] rebuilding @ http://localhost:3300/_next/static/chunks/node_modules_next_dist_f3530cac._.js:2297
[ 7475646ms] [LOG] [Fast Refresh] done in 160ms @ http://localhost:3300/_next/static/chunks/node_modules_next_dist_f3530cac._.js:2297
[ 7476174ms] [LOG] [Fast Refresh] rebuilding @ http://localhost:3300/_next/static/chunks/node_modules_next_dist_f3530cac._.js:2297
[ 7476249ms] [LOG] [Fast Refresh] done in 176ms @ http://localhost:3300/_next/static/chunks/node_modules_next_dist_f3530cac._.js:2297
[ 7486505ms] [LOG] [Fast Refresh] rebuilding @ http://localhost:3300/_next/static/chunks/node_modules_next_dist_f3530cac._.js:2297
[ 7486680ms] [LOG] [Fast Refresh] done in 228ms @ http://localhost:3300/_next/static/chunks/node_modules_next_dist_f3530cac._.js:2297
[ 7575584ms] [LOG] [Fast Refresh] rebuilding @ http://localhost:3300/_next/static/chunks/node_modules_next_dist_f3530cac._.js:2297
[ 7575685ms] [LOG] [Fast Refresh] done in 180ms @ http://localhost:3300/_next/static/chunks/node_modules_next_dist_f3530cac._.js:2297
